../Core/Src/main.c:99:20:TMC5160_CS_LOW	8	static
../Core/Src/main.c:102:20:TMC5160_CS_HIGH	8	static
../Core/Src/main.c:106:10:TMC5160_WriteReg	56	static
../Core/Src/main.c:124:10:TMC5160_ReadReg	56	static
../Core/Src/main.c:139:6:TMC5160_Init	8	static
../Core/Src/main.c:162:5:main	16	static
../Core/Src/main.c:225:6:SystemClock_Config	88	static
../Core/Src/main.c:261:13:MX_SPI1_Init	8	static
../Core/Src/main.c:301:13:MX_GPIO_Init	32	static
../Core/Src/main.c:332:6:Error_Handler	8	static,ignoring_inline_asm
