../Core/Src/main.c:88:20:TMC5160_Enable	8	static
../Core/Src/main.c:94:20:TMC5160_Disable	32	static
../Core/Src/main.c:122:20:TMC5160_CS_LOW	8	static
../Core/Src/main.c:125:20:TMC5160_CS_HIGH	8	static
../Core/Src/main.c:130:10:TMC5160_WriteReg	56	static
../Core/Src/main.c:156:10:TMC5160_ReadReg	56	static
../Core/Src/main.c:192:6:TMC5160_Init	8	static
../Core/Src/main.c:221:5:main	16	static
../Core/Src/main.c:297:6:SystemClock_Config	88	static
../Core/Src/main.c:333:13:MX_SPI1_Init	8	static
../Core/Src/main.c:373:13:MX_GPIO_Init	32	static
../Core/Src/main.c:404:6:Error_Handler	8	static,ignoring_inline_asm
